This file contains any messages produced by compilers while
running configure, to aid debugging if configure makes a mistake.

It was created by C-3d configure 0.0, which was
generated by GNU Autoconf 2.71.  Invocation command line was

  $ ./configure

## --------- ##
## Platform. ##
## --------- ##

hostname = void
uname -m = x86_64
uname -r = 6.12.11_1
uname -s = Linux
uname -v = #1 SMP PREEMPT_DYNAMIC Fri Jan 24 14:02:23 UTC 2025

/usr/bin/uname -p = unknown
/bin/uname -X     = unknown

/bin/arch              = x86_64
/usr/bin/arch -k       = unknown
/usr/convex/getsysinfo = unknown
/usr/bin/hostinfo      = unknown
/bin/machine           = unknown
/usr/bin/oslevel       = unknown
/bin/universe          = unknown

PATH: /usr/local/sbin/
PATH: /usr/local/bin/
PATH: /usr/bin/
PATH: /usr/sbin/
PATH: /sbin/
PATH: /bin/
PATH: /usr/lib/jvm/default-jdk/bin/
PATH: /usr/lib/jvm/default-jre/bin/


## ----------- ##
## Core tests. ##
## ----------- ##

configure:2447: looking for aux files: config.guess config.sub install-sh
configure:2460:  trying ./
configure:2489:   ./config.guess found
configure:2489:   ./config.sub found
configure:2471:   ./install-sh found
configure:2664: checking for gcc
configure:2685: found /usr/bin/gcc
configure:2696: result: gcc
configure:3049: checking for C compiler version
configure:3058: gcc --version >&5
gcc (GCC) 13.2.0
Copyright (C) 2023 Free Software Foundation, Inc.
This is free software; see the source for copying conditions.  There is NO
warranty; not even for MERCHANTABILITY or FITNESS FOR A PARTICULAR PURPOSE.

configure:3069: $? = 0
configure:3058: gcc -v >&5
Using built-in specs.
COLLECT_GCC=gcc
COLLECT_LTO_WRAPPER=/usr/lib64/gcc/x86_64-unknown-linux-gnu/13.2.0/lto-wrapper
Target: x86_64-unknown-linux-gnu
Configured with: /builddir/gcc-13.2.0/configure --build=x86_64-unknown-linux-gnu --enable-gnu-unique-object --enable-vtable-verify --prefix=/usr --mandir=/usr/share/man --infodir=/usr/share/info --libexecdir=/usr/lib64 --libdir=/usr/lib64 --enable-threads=posix --enable-__cxa_atexit --disable-multilib --with-system-zlib --enable-shared --enable-lto --enable-plugins --enable-linker-build-id --disable-werror --disable-nls --enable-default-pie --enable-default-ssp --enable-checking=release --disable-libstdcxx-pch --with-isl --with-linker-hash-style=gnu --disable-sjlj-exceptions --disable-target-libiberty --disable-libssp --enable-languages=c,c++,objc,obj-c++,fortran,lto,go,ada
Thread model: posix
Supported LTO compression algorithms: zlib zstd
gcc version 13.2.0 (GCC) 
configure:3069: $? = 0
configure:3058: gcc -V >&5
gcc: error: unrecognized command-line option '-V'
gcc: fatal error: no input files
compilation terminated.
configure:3069: $? = 1
configure:3058: gcc -qversion >&5
gcc: error: unrecognized command-line option '-qversion'; did you mean '--version'?
gcc: fatal error: no input files
compilation terminated.
configure:3069: $? = 1
configure:3058: gcc -version >&5
gcc: error: unrecognized command-line option '-version'
gcc: fatal error: no input files
compilation terminated.
configure:3069: $? = 1
configure:3089: checking whether the C compiler works
configure:3111: gcc    conftest.c  >&5
configure:3115: $? = 0
configure:3165: result: yes
configure:3168: checking for C compiler default output file name
configure:3170: result: a.out
configure:3176: checking for suffix of executables
configure:3183: gcc -o conftest    conftest.c  >&5
configure:3187: $? = 0
configure:3210: result: 
configure:3232: checking whether we are cross compiling
configure:3240: gcc -o conftest    conftest.c  >&5
configure:3244: $? = 0
configure:3251: ./conftest
configure:3255: $? = 0
configure:3270: result: no
configure:3275: checking for suffix of object files
configure:3298: gcc -c   conftest.c >&5
configure:3302: $? = 0
configure:3324: result: o
configure:3328: checking whether the compiler supports GNU C
configure:3348: gcc -c   conftest.c >&5
configure:3348: $? = 0
configure:3358: result: yes
configure:3369: checking whether gcc accepts -g
configure:3390: gcc -c -g  conftest.c >&5
configure:3390: $? = 0
configure:3434: result: yes
configure:3454: checking for gcc option to enable C11 features
configure:3469: gcc  -c -g -O2  conftest.c >&5
configure:3469: $? = 0
configure:3487: result: none needed
configure:3666: checking for g++
configure:3687: found /usr/bin/g++
configure:3698: result: g++
configure:3725: checking for C++ compiler version
configure:3734: g++ --version >&5
g++ (GCC) 13.2.0
Copyright (C) 2023 Free Software Foundation, Inc.
This is free software; see the source for copying conditions.  There is NO
warranty; not even for MERCHANTABILITY or FITNESS FOR A PARTICULAR PURPOSE.

configure:3745: $? = 0
configure:3734: g++ -v >&5
Using built-in specs.
COLLECT_GCC=g++
COLLECT_LTO_WRAPPER=/usr/lib64/gcc/x86_64-unknown-linux-gnu/13.2.0/lto-wrapper
Target: x86_64-unknown-linux-gnu
Configured with: /builddir/gcc-13.2.0/configure --build=x86_64-unknown-linux-gnu --enable-gnu-unique-object --enable-vtable-verify --prefix=/usr --mandir=/usr/share/man --infodir=/usr/share/info --libexecdir=/usr/lib64 --libdir=/usr/lib64 --enable-threads=posix --enable-__cxa_atexit --disable-multilib --with-system-zlib --enable-shared --enable-lto --enable-plugins --enable-linker-build-id --disable-werror --disable-nls --enable-default-pie --enable-default-ssp --enable-checking=release --disable-libstdcxx-pch --with-isl --with-linker-hash-style=gnu --disable-sjlj-exceptions --disable-target-libiberty --disable-libssp --enable-languages=c,c++,objc,obj-c++,fortran,lto,go,ada
Thread model: posix
Supported LTO compression algorithms: zlib zstd
gcc version 13.2.0 (GCC) 
configure:3745: $? = 0
configure:3734: g++ -V >&5
g++: error: unrecognized command-line option '-V'
g++: fatal error: no input files
compilation terminated.
configure:3745: $? = 1
configure:3734: g++ -qversion >&5
g++: error: unrecognized command-line option '-qversion'; did you mean '--version'?
g++: fatal error: no input files
compilation terminated.
configure:3745: $? = 1
configure:3749: checking whether the compiler supports GNU C++
configure:3769: g++ -c   conftest.cpp >&5
configure:3769: $? = 0
configure:3779: result: yes
configure:3790: checking whether g++ accepts -g
configure:3811: g++ -c -g  conftest.cpp >&5
configure:3811: $? = 0
configure:3855: result: yes
configure:3875: checking for g++ option to enable C++11 features
configure:3890: g++  -c -g -O2  conftest.cpp >&5
conftest.cpp: In function 'int main(int, char**)':
conftest.cpp:175:25: warning: empty parentheses were disambiguated as a function declaration [-Wvexing-parse]
  175 |   cxx11test::delegate d2();
      |                         ^~
conftest.cpp:175:25: note: remove parentheses to default-initialize a variable
  175 |   cxx11test::delegate d2();
      |                         ^~
      |                         --
conftest.cpp:175:25: note: or replace parentheses with braces to value-initialize a variable
configure:3890: $? = 0
configure:3908: result: none needed
configure:3988: checking for a BSD-compatible install
configure:4061: result: /usr/bin/install -c
configure:4073: checking for a race-free mkdir -p
configure:4117: result: /usr/bin/mkdir -p
configure:4126: checking build system type
configure:4141: result: x86_64-pc-linux-gnu
configure:4161: checking host system type
configure:4175: result: x86_64-pc-linux-gnu
configure:4201: checking for stdio.h
configure:4201: gcc -c -g -O2  conftest.c >&5
configure:4201: $? = 0
configure:4201: result: yes
configure:4201: checking for stdlib.h
configure:4201: gcc -c -g -O2  conftest.c >&5
configure:4201: $? = 0
configure:4201: result: yes
configure:4201: checking for string.h
configure:4201: gcc -c -g -O2  conftest.c >&5
configure:4201: $? = 0
configure:4201: result: yes
configure:4201: checking for inttypes.h
configure:4201: gcc -c -g -O2  conftest.c >&5
configure:4201: $? = 0
configure:4201: result: yes
configure:4201: checking for stdint.h
configure:4201: gcc -c -g -O2  conftest.c >&5
configure:4201: $? = 0
configure:4201: result: yes
configure:4201: checking for strings.h
configure:4201: gcc -c -g -O2  conftest.c >&5
configure:4201: $? = 0
configure:4201: result: yes
configure:4201: checking for sys/stat.h
configure:4201: gcc -c -g -O2  conftest.c >&5
configure:4201: $? = 0
configure:4201: result: yes
configure:4201: checking for sys/types.h
configure:4201: gcc -c -g -O2  conftest.c >&5
configure:4201: $? = 0
configure:4201: result: yes
configure:4201: checking for unistd.h
configure:4201: gcc -c -g -O2  conftest.c >&5
configure:4201: $? = 0
configure:4201: result: yes
configure:4226: checking for stdbool.h
configure:4226: gcc -c -g -O2  conftest.c >&5
configure:4226: $? = 0
configure:4226: result: yes
configure:4232: checking for stdlib.h
configure:4232: result: yes
configure:4238: checking for stdio.h
configure:4238: result: yes
configure:4244: checking for math.h
configure:4244: gcc -c -g -O2  conftest.c >&5
configure:4244: $? = 0
configure:4244: result: yes
configure:4250: checking for string.h
configure:4250: result: yes
configure:4256: checking for assert.h
configure:4256: gcc -c -g -O2  conftest.c >&5
configure:4256: $? = 0
configure:4256: result: yes
configure:4262: checking for stddef.h
configure:4262: gcc -c -g -O2  conftest.c >&5
configure:4262: $? = 0
configure:4262: result: yes
configure:4344: checking for XOpenDisplay in -lX11
configure:4367: gcc -o conftest -g -O2   conftest.c -lX11   >&5
configure:4367: $? = 0
configure:4377: result: yes
configure:4659: creating ./config.status

## ---------------------- ##
## Running config.status. ##
## ---------------------- ##

This file was extended by C-3d config.status 0.0, which was
generated by GNU Autoconf 2.71.  Invocation command line was

  CONFIG_FILES    = 
  CONFIG_HEADERS  = 
  CONFIG_LINKS    = 
  CONFIG_COMMANDS = 
  $ ./config.status 

on void

config.status:813: creating Makefile
config.status:813: creating include/config.h

## ---------------- ##
## Cache variables. ##
## ---------------- ##

ac_cv_build='x86_64-pc-linux-gnu'
ac_cv_c_compiler_gnu='yes'
ac_cv_cxx_compiler_gnu='yes'
ac_cv_env_CCC_set=''
ac_cv_env_CCC_value=''
ac_cv_env_CC_set=''
ac_cv_env_CC_value=''
ac_cv_env_CFLAGS_set=''
ac_cv_env_CFLAGS_value=''
ac_cv_env_CPPFLAGS_set=''
ac_cv_env_CPPFLAGS_value=''
ac_cv_env_CXXFLAGS_set=''
ac_cv_env_CXXFLAGS_value=''
ac_cv_env_CXX_set=''
ac_cv_env_CXX_value=''
ac_cv_env_LDFLAGS_set=''
ac_cv_env_LDFLAGS_value=''
ac_cv_env_LIBS_set=''
ac_cv_env_LIBS_value=''
ac_cv_env_build_alias_set=''
ac_cv_env_build_alias_value=''
ac_cv_env_host_alias_set=''
ac_cv_env_host_alias_value=''
ac_cv_env_target_alias_set=''
ac_cv_env_target_alias_value=''
ac_cv_header_assert_h='yes'
ac_cv_header_inttypes_h='yes'
ac_cv_header_math_h='yes'
ac_cv_header_stdbool_h='yes'
ac_cv_header_stddef_h='yes'
ac_cv_header_stdint_h='yes'
ac_cv_header_stdio_h='yes'
ac_cv_header_stdlib_h='yes'
ac_cv_header_string_h='yes'
ac_cv_header_strings_h='yes'
ac_cv_header_sys_stat_h='yes'
ac_cv_header_sys_types_h='yes'
ac_cv_header_unistd_h='yes'
ac_cv_host='x86_64-pc-linux-gnu'
ac_cv_lib_X11_XOpenDisplay='yes'
ac_cv_objext='o'
ac_cv_path_install='/usr/bin/install -c'
ac_cv_path_mkdir='/usr/bin/mkdir'
ac_cv_prog_ac_ct_CC='gcc'
ac_cv_prog_ac_ct_CXX='g++'
ac_cv_prog_cc_c11=''
ac_cv_prog_cc_g='yes'
ac_cv_prog_cc_stdc=''
ac_cv_prog_cxx_11='no'
ac_cv_prog_cxx_cxx11=''
ac_cv_prog_cxx_g='yes'
ac_cv_prog_cxx_stdcxx=''

## ----------------- ##
## Output variables. ##
## ----------------- ##

CC='gcc'
CFLAGS='-g -O2'
CPPFLAGS=''
CXX='g++'
CXXFLAGS='-g -O2'
DEFS='-DHAVE_CONFIG_H'
ECHO_C=''
ECHO_N='-n'
ECHO_T=''
EXEEXT=''
INSTALL_DATA='${INSTALL} -m 644'
INSTALL_PROGRAM='${INSTALL}'
INSTALL_SCRIPT='${INSTALL}'
LDFLAGS=''
LIBOBJS=''
LIBS='-lX11 '
LTLIBOBJS=''
MKDIR_P='/usr/bin/mkdir -p'
OBJEXT='o'
PACKAGE_BUGREPORT=''
PACKAGE_NAME='C-3d'
PACKAGE_STRING='C-3d 0.0'
PACKAGE_TARNAME='c-3d'
PACKAGE_URL=''
PACKAGE_VERSION='0.0'
PATH_SEPARATOR=':'
SHELL='/bin/sh'
ac_ct_CC='gcc'
ac_ct_CXX='g++'
bindir='${exec_prefix}/bin'
build='x86_64-pc-linux-gnu'
build_alias=''
build_cpu='x86_64'
build_os='linux-gnu'
build_vendor='pc'
datadir='${datarootdir}'
datarootdir='${prefix}/share'
docdir='${datarootdir}/doc/${PACKAGE_TARNAME}'
dvidir='${docdir}'
exec_prefix='${prefix}'
host='x86_64-pc-linux-gnu'
host_alias=''
host_cpu='x86_64'
host_os='linux-gnu'
host_vendor='pc'
htmldir='${docdir}'
includedir='${prefix}/include'
infodir='${datarootdir}/info'
libdir='${exec_prefix}/lib'
libexecdir='${exec_prefix}/libexec'
localedir='${datarootdir}/locale'
localstatedir='${prefix}/var'
mandir='${datarootdir}/man'
oldincludedir='/usr/include'
pdfdir='${docdir}'
prefix='/usr/local'
program_transform_name='s,x,x,'
psdir='${docdir}'
runstatedir='${localstatedir}/run'
sbindir='${exec_prefix}/sbin'
sharedstatedir='${prefix}/com'
sysconfdir='${prefix}/etc'
target_alias=''

## ----------- ##
## confdefs.h. ##
## ----------- ##

/* confdefs.h */
#define PACKAGE_NAME "C-3d"
#define PACKAGE_TARNAME "c-3d"
#define PACKAGE_VERSION "0.0"
#define PACKAGE_STRING "C-3d 0.0"
#define PACKAGE_BUGREPORT ""
#define PACKAGE_URL ""
#define HAVE_STDIO_H 1
#define HAVE_STDLIB_H 1
#define HAVE_STRING_H 1
#define HAVE_INTTYPES_H 1
#define HAVE_STDINT_H 1
#define HAVE_STRINGS_H 1
#define HAVE_SYS_STAT_H 1
#define HAVE_SYS_TYPES_H 1
#define HAVE_UNISTD_H 1
#define STDC_HEADERS 1
#define HAVE_STDBOOL_H 1
#define HAVE_STDLIB_H 1
#define HAVE_STDIO_H 1
#define HAVE_MATH_H 1
#define HAVE_STRING_H 1
#define HAVE_ASSERT_H 1
#define HAVE_STDDEF_H 1
#define HAVE_LIBX11 1

configure: exit 0
